15:00:19: Creating resource group General
15:00:19: Creating resource group Internal
15:00:19: Creating resource group Autodetect
15:00:19: Registering ResourceManager for type Mesh
15:00:19: Registering ResourceManager for type Material
15:00:19: Registering ResourceManager for type Skeleton
15:00:19: XMLMeshSerializer reading mesh data from C:\svn\Builds\Delvers\media\models\cave_flier\cave_flier.MESH.xml...
15:00:19: Reading geometry...
15:00:19: Geometry done...
15:00:19: Reading submeshes...
15:00:19: Submeshes done.
15:00:19: Skeleton: Loading cave_flier.skeleton
15:00:19: OGRE EXCEPTION(6:FileNotFoundException): Cannot locate resource cave_flier.skeleton in resource group General or any other group. in ResourceGroupManager::openResource at ..\src\OgreResourceGroupManager.cpp (line 604)
15:00:19: Unable to load skeleton cave_flier.skeleton for Mesh conversion. This Mesh will not be animated. You can ignore this message if you are using an offline tool.
15:00:19: Reading bone assignments...
15:00:19: Bone assignments done.
15:00:19: XMLMeshSerializer import successful.
15:00:19: Reorganising vertex buffers to automatic layout..
15:00:19: MeshSerializer writing mesh data to C:\svn\Builds\Delvers\media\models\cave_flier\cave_flier.MESH...
15:00:19: File header written.
15:00:19: Writing mesh data...
15:00:19: Writing submesh...
15:00:19: Exporting submesh texture aliases...
15:00:19: Submesh texture aliases exported.
15:00:19: Submesh exported.
15:00:19: Exporting skeleton link...
15:00:19: Skeleton link exported.
15:00:19: Exporting shared geometry bone assignments...
15:00:19: Shared geometry bone assignments exported.
15:00:19: Exporting bounds information....
15:00:19: Bounds information exported.
15:00:19: Exporting submesh name table...
15:00:19: Submesh name table exported.
15:00:19: Mesh data exported.
15:00:19: MeshSerializer export successful.
15:00:19: Unregistering ResourceManager for type Skeleton
15:00:19: Unregistering ResourceManager for type Material
15:00:19: Unregistering ResourceManager for type Mesh
